// Jest Snapshot v1, https://goo.gl/fbAQLP

exports[`that the Navigation component renders renders without crashing 1`] = `
<nav
  className="nav"
  role="navigation"
>
  <div
    className="container"
  >
    <ul>
      <li
        className="nav-item"
        key="0"
      >
        <Link
          to="/"
        >
          Home
        </Link>
      </li>
      <li
        className="nav-item"
        key="1"
      >
        <Link
          to="/resume"
        >
          Resume
        </Link>
      </li>
    </ul>
  </div>
</nav>
`;
